1.
npm ERR! invalid: hexo-generator-baidu-sitemap@0.0.8

https://www.npmjs.com/package/hexo-generator-baidu-sitemap

Install
if your hexo version is 2.x.x, you should install as follow:

$ npm install hexo-generator-baidu-sitemap@0.0.8 --save

if version is 3.x.x, you should install as follow:

$ npm install hexo-generator-baidu-sitemap@0.1.1 --save

Update.
$ npm remove hexo-generator-baidu-sitemap
$ npm install hexo-generator-baidu-sitemap --save

Options
if your hexo version is 2.x.x, you can configure this plugin in _config.yml.

baidusitemap:
    path: baidusitemap.xml
if version is 3.x.x, you should configure this plugin in _config.yml.

baidusitemap:
path: baidusitemap.xml

path - Sitemap path. (Default: baidusitemap.xml)
Errors
Maybe response is "hexo is not definded",then you should:

$ cd node_modules/hexo-generator-baidu-sitemap/
$ npm install

2.
update nodejs
or hexo SyntaxError: Unexpected token

npm install n -g
n stable
node --version

npm install gulp -g
npm install gulp-minify-css --save
npm install gulp-uglify --save
npm install gulp-htmlmin --save
npm install gulp-htmlclean --save
npm install gulp-imagemin --save

https://blog.csdn.net/jinggege0818/article/details/82461795


3.
Error: spawn /new/node_modules/jpegtran-bin/vendor/jpegtran ENOENT

npm uninstall gulp-imagemin
npm install --save-dev gulp-imagemin

4.
gulp
 assert.js:350
     throw err;

https://master.compassionate-raman-1e7f63.netlify.com/posts/74d69307.html


5. 升级Hexo版本
https://www.jianshu.com/p/802182c01b59








