1.
npm ERR! invalid: hexo-generator-baidu-sitemap@0.0.8

https://www.npmjs.com/package/hexo-generator-baidu-sitemap

Install
if your hexo version is 2.x.x, you should install as follow:

$ npm install hexo-generator-baidu-sitemap@0.0.8 --save

if version is 3.x.x, you should install as follow:

$ npm install hexo-generator-baidu-sitemap@0.1.1 --save

Update.
$ npm remove hexo-generator-baidu-sitemap
$ npm install hexo-generator-baidu-sitemap --save

Options
if your hexo version is 2.x.x, you can configure this plugin in _config.yml.

baidusitemap:
    path: baidusitemap.xml
if version is 3.x.x, you should configure this plugin in _config.yml.

baidusitemap:
path: baidusitemap.xml

path - Sitemap path. (Default: baidusitemap.xml)
Errors
Maybe response is "hexo is not definded",then you should:

$ cd node_modules/hexo-generator-baidu-sitemap/
$ npm install


